
> ruff-bootsreisen@0.1.0 build
> next build

  Γû▓ Next.js 14.2.5

   Creating an optimized production build ...
 Γ£ô Compiled successfully
   Linting and checking validity of types ...
node.exe :  Γ¿» ESLint: Failed to load config "react-app" to extend from. 
Referenced from: C:\Users\Zaibtech.pk\.cursor\package.json
At line:1 char:1
+ & "C:\Program Files\nodejs/node.exe" "C:\Program Files\nodejs/node_mo ...
+ ~~~~~~~~~~~~~~~~~~~~~~~~~~~~~~~~~~~~~~~~~~~~~~~~~~~~~~~~~~~~~~~~~~~~~
    + CategoryInfo          : NotSpecified: ( Γ¿» ESLint: Fa...or\package.json 
   :String) [], RemoteException
    + FullyQualifiedErrorId : NativeCommandError
 
   Collecting page data ...
   Generating static pages (0/9) ...
   Generating static pages (2/9) 
   Generating static pages (4/9) 
   Generating static pages (6/9) 
 Γ£ô Generating static pages (9/9)
   Finalizing page optimization ...
   Collecting build traces ...

Route (app)                              Size     First Load JS
Γöî Γùï /                                    2.6 kB          102 kB
Γö£ Γùï /_not-found                          871 B          88.4 kB
Γö£ Γùï /about                               137 B          87.7 kB
Γö£ ╞Æ /api/chat                            0 B                0 B
Γö£ Γùï /boats                               292 B          93.1 kB
Γö£ Γùï /contact                             2.19 kB        89.7 kB
Γöö Γùï /destinations                        183 B          99.9 kB
+ First Load JS shared by all            87.5 kB
  Γö£ chunks/23-0c318b59b0e4c325.js        32 kB
  Γö£ chunks/fd9d1056-211f0c774853bd6b.js  53.6 kB
  Γöö other shared chunks (total)          1.89 kB


Γùï  (Static)   prerendered as static content
╞Æ  (Dynamic)  server-rendered on demand

